[36mvite v7.3.1 [32mbuilding client environment for production...[36m[39m
transforming...
[32mΓ£ô[39m 108 modules transformed.
node.exe : [31mΓ£ù[39m 
Build failed in 3.80s
At line:1 char:1
+ & "C:\Program 
Files\nodejs/node.exe" 
"C:\Program 
Files\nodejs/node_mo ...
+ ~~~~~~~~~~~~~~~~~~~~~~~~~~~
~~~~~~~~~~~~~~~~~~~~~~~~~~~~~
~~~~~~~~~~~~~
    + CategoryInfo           
   : NotSpecified: ([31mΓ£  
  ù[39m Build failed in 3   
 .80s:String) [], RemoteE    
xception
    + FullyQualifiedErrorId  
   : NativeCommandError
 
[31merror during build:
[31m[vite:terser] terser 
not found. Since Vite v3, 
terser has become an 
optional dependency. You 
need to install it.[31m
    at loadTerserPath (file:/
//C:/Users/kamal/OneDrive/Doc
uments/final_year_project/fro
ntend/node_modules/vite/dist/
node/chunks/config.js:32974:8
)
    at Object.renderChunk (fi
le:///C:/Users/kamal/OneDrive
/Documents/final_year_project
/frontend/node_modules/vite/d
ist/node/chunks/config.js:330
03:39)
    at Object.handler (file:/
//C:/Users/kamal/OneDrive/Doc
uments/final_year_project/fro
ntend/node_modules/vite/dist/
node/chunks/config.js:33743:1
3)
    at file:///C:/Users/kamal
/OneDrive/Documents/final_yea
r_project/frontend/node_modul
es/rollup/dist/es/shared/node
-entry.js:22571:40[39m
